----- ------------ ---------- ------------------------------ ------------------------ -------------------------------------
1001  2016-09-08   12:34:45   2016-09-09 12:34:45.123456     2016-09-10 12:34:45      2016-09-11 12:34:45.123456789000
1002  2016-12-31   23:59:59   2016-12-31 23:59:59.999999     2016-12-31 23:59:59      2016-12-31 23:59:59.999999999000
1003
9999
ID    DATE_ITEM    TIME_ITEM  TIMESTAMP_ITEM                 TIMESTAMP0_ITEM          TIMESTAMP12_ITEM
