ID CHAR_ITEM  VARCHAR_ITEM  CLOB_ITEM                                                                                                                                                                                                                                                                                                                                                                                                                                                                                                                               GRAPHIC_ITEM  VARGRAPHIC_ITEM  NCHAR_ITEM          NVARCHAR_ITEM
1001 aa         AA            aaaaaaaaaaaa                                                                                                                                                                                                                                                                                                                                                                                                                                                                                                                            ああ          いいいい          ａａ                ＡＡ
1002 XXXX       XXXXXXXX      XXXXXXXXXXXXXXXX                                                                                                                                                                                                                                                                                                                                                                                                                                                                                                                        XXXX          XXXXXXXX         XXXX                XXXXXXXX
1003
9999
------------- ---------- ------------- --------------------------------------------------------------------------------------------------------------------------------------------------------------------------------------------------------------------------------------------------------------------------------------------------------------------------------------------------------------------------------------------------------------------------------------------------------------------------------------------------------------------------------------- ------------- ---------------- ------------------- -------------------------------------
---------------------------------------------------------------------------------------------------------------------------------------------------------------------------------------------------------------------------------------------------------------------------------------------------------------------------------------------------------------------------------------------------------------------------------------------------------------------------------------------------------------------------------------
NCLOB_ITEM
XXXXXXXXXXXXXXXX
ａａａａａａａａ
