ID CHAR_ITEM                                                                                                                                   VARCHAR_ITEM                                                                                                                                CLOB_ITEM                                                                                                                                   GRAPHIC_ITEM                                                                                                                                VARGRAPHIC_ITEM                                                                                                                             NCHAR_ITEM
1001 aa                                                                                                                                          AA                                                                                                                                          aaaaaaaaaaaa                                                                                                                                ああ                                                                                                                                        いいいい                                                                                                                                    ａａ
1002 XXXX                                                                                                                                        XXXXXXXX                                                                                                                                    XXXXXXXXXXXXXXXX                                                                                                                            XXXX                                                                                                                                        XXXXXXXX                                                                                                                                    XXXX
1003
----------------------- ------------------------------------------------------------------------------------------------------------------------------------------- ------------------------------------------------------------------------------------------------------------------------------------------- ------------------------------------------------------------------------------------------------------------------------------------------- ------------------------------------------------------------------------------------------------------------------------------------------- ------------------------------------------------------------------------------------------------------------------------------------------- -------------------------------------------------------------------------------------------------------------------------------------------
------------------------------------------------------------------------------------------------------------------------------------------- -------------------------------------------------------------------------------------------------------------------------------------------
NVARCHAR_ITEM                                                                                                                               NCLOB_ITEM
XXXXXXXX                                                                                                                                    XXXXXXXXXXXXXXXX
ＡＡ                                                                                                                                        ａａａａａａａａ
