
 ID NUM STR VARSTR DT 
---------- ---------- ---------------- ---------------- -------- 
DTTM0 
--------------------------------------------------------------------------- 
DTTM3 
--------------------------------------------------------------------------- 
 1 123.4 test1 TEST1 15-04-23 
15-04-23 16:02:03.000000 
15-04-23 16:02:03.123000 
 
 2 1234567890 test9999 TEST9999 15-12-30 
15-12-31 14:59:59.000000 
15-12-31 14:59:59.999000 

 ID NUM STR VARSTR DT 
---------- ---------- ---------------- ---------------- -------- 
DTTM0 
--------------------------------------------------------------------------- 
DTTM3 
--------------------------------------------------------------------------- 
 
 3 
 
 
 

