 id | value1 | value2 
----+--------+--------
 11 | A1     | B1
 13 | A3     | B3
 12 | a2     | B2b2
 14 | a4     | b4
 16 | a6     | b6
(5 çs)

