
ID     NUM            STR      VARSTR   DT         DTTM0                      DTTM3                  
------ -------------- -------- -------- ---------- -------------------------- -----------------------
    1.         123.40 test1    TEST1    2015-04-23 2015-04-23-16.02.03.000000 2015-04-23-16.02.03.123
    2.  1234567890.12 test9999 TEST9999 2015-12-30 2015-12-31-14.59.59.000000 2015-12-31-14.59.59.999
    3.              - -        -        -          -                          -                      

  3 レコードが選択されました。

