ID	NUM	STR	VARSTR	DT	DTTM0	DTTM3
1	246.80	test1	TEST1	2015-04-23	2015-04-24 01:02:03	2015-04-24 01:02:03.000
2	2469135780.24	test9999	TEST9999	2015-12-30	2015-12-31 23:59:59	2016-01-01 00:00:00.000
3	NULL	NULL	NULL	NULL	NULL	NULL
