 ID          CODE VALUE    
 ----------- ---- -------- 
           1 AAAA aaa      
           2 XXXX xxx      
           3 YYYY yyy      

(3 çsèàóùÇ≥ÇÍÇ‹ÇµÇΩ)
